[20:58:14] [main/INFO] (FabricLoader/GameProvider) Loading Minecraft 26.1.2 with Fabric Loader 0.19.2
[20:58:14] [main/INFO] (FabricLoader/Mappings) Mappings not present!
[20:58:14] [main/INFO] (FabricLoader) Loading 43 mods:
	- chatmod 1.0.0
	- fabric-api 0.149.1+26.1.2
	   |-- fabric-key-mapping-api-v1 2.0.4+e2bdee784c
	   |-- fabric-model-loading-api-v1 8.0.7+c80601bb4c
	   |-- fabric-renderer-api-v1 13.0.4+c80601bb4c
	   |-- fabric-renderer-indigo 8.1.1+1403e82c4c
	   |-- fabric-rendering-v1 23.1.1+1403e82c4c
	   |-- fabric-screen-api-v1 5.0.1+d871b99e4c
	   \-- fabric-sound-api-v1 2.0.4+11a26f314c
	- fabric-api-base 2.0.3+ece063234c
	- fabric-api-lookup-api-v1 2.0.11+d5a053b64c
	- fabric-biome-api-v1 18.0.4+35c80edc4c
	- fabric-block-api-v1 3.0.2+ec56b6014c
	- fabric-block-getter-api-v2 2.0.6+ec56b6014c
	- fabric-command-api-v2 3.0.5+e2bdee784c
	- fabric-content-registries-v0 11.1.1+1a3b26974c
	- fabric-convention-tags-v2 4.6.1+4f11f7994c
	- fabric-crash-report-info-v1 1.0.3+9f78a5a84c
	- fabric-creative-tab-api-v1 5.0.11+d871b99e4c
	- fabric-data-attachment-api-v1 2.2.7+44a0bd1d4c
	- fabric-data-generation-api-v1 24.2.1+73b1f9054c
	- fabric-debug-api-v1 1.0.1+c792624d4c
	- fabric-dimensions-v1 5.1.5+9cbf5da54c
	- fabric-entity-events-v1 5.0.2+e2bdee784c
	- fabric-events-interaction-v0 5.2.1+a67251b84c
	- fabric-game-rule-api-v1 4.0.5+d871b99e4c
	- fabric-gametest-api-v1 4.0.16+867b87624c
	- fabric-item-api-v1 14.1.2+73d134684c
	- fabric-lifecycle-events-v1 4.1.0+6d50a0854c
	- fabric-loot-api-v3 3.0.12+00a1fba64c
	- fabric-menu-api-v1 2.0.13+d871b99e4c
	- fabric-message-api-v1 7.0.5+dae8ce3e4c
	- fabric-networking-api-v1 6.3.1+554860db4c
	- fabric-object-builder-api-v1 23.0.16+b95dd56e4c
	- fabric-particles-v1 5.0.15+b61fef434c
	- fabric-permission-api-v1 1.0.0+f3e738be4c
	- fabric-recipe-api-v1 9.0.15+be4b75ae4c
	- fabric-registry-sync-v0 7.0.13+b61fef434c
	- fabric-rendering-fluids-v1 6.0.1+d871b99e4c
	- fabric-resource-conditions-api-v1 6.0.5+00a1fba64c
	- fabric-resource-loader-v0 3.3.17+4fc5413f4c
	- fabric-resource-loader-v1 2.0.10+7c44c7324c
	- fabric-serialization-api-v1 2.0.3+11a26f314c
	- fabric-tag-api-v1 2.1.1+371cf5db4c
	- fabric-transfer-api-v1 8.0.5+357ea7334c
	- fabric-transitive-access-wideners-v1 8.1.1+7f80f93d4c
	- fabricloader 0.19.2
	- java 25
	- minecraft 26.1.2
	- mixinextras 0.5.4
[20:58:14] [main/WARN] (FabricLoader/ModRemap) Runtime mod remapping disabled due to no fabric.remapClasspathFile being specified. You may need to update loom.
[20:58:14] [main/INFO] (FabricLoader/Mixin) SpongePowered MIXIN Subsystem Version=0.8.7 Source=file:/C:/Users/Peto/.gradle/caches/modules-2/files-2.1/net.fabricmc/sponge-mixin/0.17.2+mixin.0.8.7/edf98d1d98229e46e36c61774ae2b54dcd852981/sponge-mixin-0.17.2+mixin.0.8.7.jar Service=Knot/Fabric Env=SERVER
[20:58:14] [main/INFO] (FabricLoader/Mixin) Compatibility level set to JAVA_25
[20:58:15] [main/INFO] (FabricLoader/MixinExtras|Service) Initializing MixinExtras via com.llamalad7.mixinextras.service.MixinExtrasServiceImpl(version=0.5.4).
[20:58:22] [main/INFO] (Minecraft) Environment: Environment[sessionHost=https://sessionserver.mojang.com, servicesHost=https://api.minecraftservices.com, profilesHost=https://api.mojang.com, name=PROD]
[20:58:24] [main/INFO] (Minecraft) Loaded 1515 recipes
[20:58:24] [main/INFO] (Minecraft) Loaded 1617 advancements
[20:58:24] [main/INFO] (BiomeModificationImpl) Applied 0 biome modifications to 0 of 65 new biomes in 1.447 ms
[20:58:24] [Server thread/INFO] (Minecraft) Starting minecraft server version 26.1.2
[20:58:24] [Server thread/INFO] (Minecraft) Loading properties
[20:58:24] [Server thread/INFO] (Minecraft) Default game type: SURVIVAL
[20:58:24] [Server thread/INFO] (Minecraft) Generating keypair
[20:58:24] [Server thread/INFO] (Minecraft) Starting Minecraft server on *:25566
[20:58:25] [Server thread/INFO] (Minecraft) Preparing level "world"
[20:58:25] [Server thread/INFO] (Minecraft) Loading 0 persistent chunks...
[20:58:25] [Server thread/INFO] (Minecraft) Preparing spawn area: 100%
[20:58:25] [Server thread/INFO] (Minecraft) Time elapsed: 56 ms
[20:58:25] [Server thread/INFO] (Minecraft) Done (0.484s)! For help, type "help"
[20:58:25] [Server thread/INFO] (Minecraft) Saving chunks for level 'ServerLevel[world]'/minecraft:overworld
[20:58:25] [Server thread/INFO] (Minecraft) Saving chunks for level 'ServerLevel[world]'/minecraft:the_end
[20:58:25] [Server thread/INFO] (Minecraft) Saving chunks for level 'ServerLevel[world]'/minecraft:the_nether
[20:58:25] [Server thread/INFO] (Minecraft) ThreadedAnvilChunkStorage (world): All chunks are saved
[20:58:25] [Server thread/INFO] (Minecraft) ThreadedAnvilChunkStorage (DIM1): All chunks are saved
[20:58:25] [Server thread/INFO] (Minecraft) ThreadedAnvilChunkStorage (DIM-1): All chunks are saved
[20:58:25] [Server thread/INFO] (Minecraft) ThreadedAnvilChunkStorage: All dimensions are saved
[20:58:37] [User Authenticator #1/INFO] (Minecraft) UUID of player Trolleye is a018e7cf-0327-47d7-b362-0fc3ac54e799
[20:58:38] [Server thread/INFO] (Minecraft) Trolleye[/127.0.0.1:59510] logged in with entity id 93 at (14.932351862628503, 70.0, 42.46313617559525)
[20:58:38] [Server thread/INFO] (Minecraft) Trolleye joined the game
[20:59:11] [Server thread/INFO] (Minecraft) Trolleye lost connection: Disconnected
[20:59:11] [Server thread/INFO] (Minecraft) Trolleye left the game
